ptxas info    : (C7510) Potential Performance Loss: wgmma.mma_async instructions are serialized due to wgmma pipeline crossing function boundary at a function call in the function '_ZN11wgmma_bench17wgmma_tf32_kernelIN4cute5tupleIJiiiEEENS2_IJNS1_1CILi64EEES5_S5_EEENS1_14ComposedLayoutINS1_7SwizzleILi3ELi4ELi3EEENS1_18smem_ptr_flag_bitsILi32EEENS1_6LayoutINS2_IJNS2_IJNS4_ILi8EEESD_EEENS2_IJNS4_ILi32EEENS4_ILi2EEEEEENS2_IJNS4_ILi1EEESG_EEEEEENS2_IJNS2_IJSF_NS4_ILi256EEEEEENS2_IJSI_NS4_ILi2048EEEEEENS2_IJNS4_ILi0EEENS4_ILi4096EEEEEEEEEEEEENS1_9TiledCopyINS1_9Copy_AtomIJNS1_25SM80_CP_ASYNC_CACHEALWAYSIN7cutlass9uint128_tESZ_EENSY_10tfloat32_tEEEENSC_INS2_IJNS2_IJSD_NS4_ILi16EEEEEESD_EEENS2_IJNS2_IJNS4_ILi128EEESI_EEES13_EEEEENS2_IJS13_S5_EEEEESU_S1B_NS1_8TiledMMAINS1_8MMA_AtomIJNS1_4SM904GMMA29MMA_64x64x8_F32TF32TF32_SS_TNILNS1F_7ScaleInE1ELS1H_1EEEEEENSC_INS2_IJSI_SI_SI_EEENS2_IJSP_SP_SP_EEEEENS2_IJNS1_10UnderscoreES1N_S1N_EEEEEEEvT_T0_PKS11_S1T_PfT1_T2_T3_T4_T5_'
ptxas info    : 567 bytes gmem
ptxas info    : Compiling entry function '_ZN11wgmma_bench17wgmma_tf32_kernelIN4cute5tupleIJiiiEEENS2_IJNS1_1CILi64EEES5_S5_EEENS1_14ComposedLayoutINS1_7SwizzleILi3ELi4ELi3EEENS1_18smem_ptr_flag_bitsILi32EEENS1_6LayoutINS2_IJNS2_IJNS4_ILi8EEESD_EEENS2_IJNS4_ILi32EEENS4_ILi2EEEEEENS2_IJNS4_ILi1EEESG_EEEEEENS2_IJNS2_IJSF_NS4_ILi256EEEEEENS2_IJSI_NS4_ILi2048EEEEEENS2_IJNS4_ILi0EEENS4_ILi4096EEEEEEEEEEEEENS1_9TiledCopyINS1_9Copy_AtomIJNS1_25SM80_CP_ASYNC_CACHEALWAYSIN7cutlass9uint128_tESZ_EENSY_10tfloat32_tEEEENSC_INS2_IJNS2_IJSD_NS4_ILi16EEEEEESD_EEENS2_IJNS2_IJNS4_ILi128EEESI_EEES13_EEEEENS2_IJS13_S5_EEEEESU_S1B_NS1_8TiledMMAINS1_8MMA_AtomIJNS1_4SM904GMMA29MMA_64x64x8_F32TF32TF32_SS_TNILNS1F_7ScaleInE1ELS1H_1EEEEEENSC_INS2_IJSI_SI_SI_EEENS2_IJSP_SP_SP_EEEEENS2_IJNS1_10UnderscoreES1N_S1N_EEEEEEEvT_T0_PKS11_S1T_PfT1_T2_T3_T4_T5_' for 'sm_90a'
ptxas info    : Function properties for _ZN11wgmma_bench17wgmma_tf32_kernelIN4cute5tupleIJiiiEEENS2_IJNS1_1CILi64EEES5_S5_EEENS1_14ComposedLayoutINS1_7SwizzleILi3ELi4ELi3EEENS1_18smem_ptr_flag_bitsILi32EEENS1_6LayoutINS2_IJNS2_IJNS4_ILi8EEESD_EEENS2_IJNS4_ILi32EEENS4_ILi2EEEEEENS2_IJNS4_ILi1EEESG_EEEEEENS2_IJNS2_IJSF_NS4_ILi256EEEEEENS2_IJSI_NS4_ILi2048EEEEEENS2_IJNS4_ILi0EEENS4_ILi4096EEEEEEEEEEEEENS1_9TiledCopyINS1_9Copy_AtomIJNS1_25SM80_CP_ASYNC_CACHEALWAYSIN7cutlass9uint128_tESZ_EENSY_10tfloat32_tEEEENSC_INS2_IJNS2_IJSD_NS4_ILi16EEEEEESD_EEENS2_IJNS2_IJNS4_ILi128EEESI_EEES13_EEEEENS2_IJS13_S5_EEEEESU_S1B_NS1_8TiledMMAINS1_8MMA_AtomIJNS1_4SM904GMMA29MMA_64x64x8_F32TF32TF32_SS_TNILNS1F_7ScaleInE1ELS1H_1EEEEEENSC_INS2_IJSI_SI_SI_EEENS2_IJSP_SP_SP_EEEEENS2_IJNS1_10UnderscoreES1N_S1N_EEEEEEEvT_T0_PKS11_S1T_PfT1_T2_T3_T4_T5_
    0 bytes stack frame, 0 bytes spill stores, 0 bytes spill loads
ptxas info    : Used 64 registers, used 1 barriers
ptxas info    : Compile time = 17.875 ms
Hardware:
  device: 0
  name: NVIDIA H100 80GB HBM3
  compute capability: 9.0
  SM count: 132
  warp size: 32
  shared memory per block: 48 KiB
  shared memory per block opt-in: 227 KiB
  shared memory per SM: 228 KiB
  registers per SM: 65536
  theoretical TF32 Tensor Core dense peak used: 494.700 TFLOPS
  HBM bandwidth used for roofline: 3.350 TB/s
  WGMMA tile: 64x64x8, CTA tile: 64x64x64, stages: 2

Problem: 512x512x512
  dtype: tf32
  custom WGMMA: 0.012722 ms, 21.1008 TFLOPS, 4.2654% peak
  roofline: AI=85.3333 FLOP/B, mem_roof=285.8667 TFLOPS, bound=memory, custom_roof=7.3813%
  cuBLAS FAST_TF32: 0.009763 ms, 27.4946 TFLOPS, 5.5578% peak
  check: PASS, max_abs=0.0009, max_rel=0.8893, bad_count=0

Problem: 1024x1024x1024
  dtype: tf32
  custom WGMMA: 0.031043 ms, 69.1773 TFLOPS, 13.9837% peak
  roofline: AI=170.6667 FLOP/B, mem_roof=571.7333 TFLOPS, bound=compute, custom_roof=13.9837%
  cuBLAS FAST_TF32: 0.017030 ms, 126.0971 TFLOPS, 25.4896% peak
  check: PASS, max_abs=0.0011, max_rel=0.8928, bad_count=0

Problem: 2048x2048x2048
  dtype: tf32
  custom WGMMA: 0.209912 ms, 81.8432 TFLOPS, 16.5440% peak
  roofline: AI=341.3333 FLOP/B, mem_roof=1143.4667 TFLOPS, bound=compute, custom_roof=16.5440%
  cuBLAS FAST_TF32: 0.057851 ms, 296.9665 TFLOPS, 60.0296% peak
  check: PASS, max_abs=0.0016, max_rel=18.9203, bad_count=0

Problem: 4096x4096x4096
  dtype: tf32
  custom WGMMA: 1.432790 ms, 95.9240 TFLOPS, 19.3903% peak
  roofline: AI=682.6667 FLOP/B, mem_roof=2286.9333 TFLOPS, bound=compute, custom_roof=19.3903%
  cuBLAS FAST_TF32: 0.384704 ms, 357.2590 TFLOPS, 72.2173% peak
  check: PASS, max_abs=0.0022, max_rel=3376.0000, bad_count=0
