
=============
== PyTorch ==
=============

NVIDIA Release 26.04 (build 297444911)
PyTorch Version 2.12.0a0+0291f96
Container image Copyright (c) 2026, NVIDIA CORPORATION & AFFILIATES. All rights reserved.
Copyright (c) 2014-2024 Facebook Inc.
Copyright (c) 2011-2014 Idiap Research Institute (Ronan Collobert)
Copyright (c) 2012-2014 Deepmind Technologies    (Koray Kavukcuoglu)
Copyright (c) 2011-2012 NEC Laboratories America (Koray Kavukcuoglu)
Copyright (c) 2011-2013 NYU                      (Clement Farabet)
Copyright (c) 2006-2010 NEC Laboratories America (Ronan Collobert, Leon Bottou, Iain Melvin, Jason Weston)
Copyright (c) 2006      Idiap Research Institute (Samy Bengio)
Copyright (c) 2001-2004 Idiap Research Institute (Ronan Collobert, Samy Bengio, Johnny Mariethoz)
Copyright (c) 2015      Google Inc.
Copyright (c) 2015      Yangqing Jia
Copyright (c) 2013-2016 The Caffe contributors
All rights reserved.

Various files include modifications (c) NVIDIA CORPORATION & AFFILIATES.  All rights reserved.

GOVERNING TERMS: The software and materials are governed by the NVIDIA Software License Agreement
(found at https://www.nvidia.com/en-us/agreements/enterprise-software/nvidia-software-license-agreement/)
and the Product-Specific Terms for NVIDIA AI Products
(found at https://www.nvidia.com/en-us/agreements/enterprise-software/product-specific-terms-for-ai-products/).

WARNING: CUDA Minor Version Compatibility mode ENABLED.
  Using driver version 580.65.06 which has support for CUDA 13.0.  This container
  was built with CUDA 13.2 and will be run in Minor Version Compatibility mode.
  CUDA Forward Compatibility is preferred over Minor Version Compatibility for use
  with this container but was unavailable:
  [[Out of memory (CUDA_ERROR_OUT_OF_MEMORY) cuDevicePrimaryCtxRetain()=2]]
  See https://docs.nvidia.com/deploy/cuda-compatibility/ for details.

NOTE: The SHMEM allocation limit is set to the default of 64MB.  This may be
   insufficient for PyTorch.  NVIDIA recommends the use of the following flags:
   docker run --gpus all --ipc=host --ulimit memlock=-1 --ulimit stack=67108864 ...

==PROF== Connected to process 901 (/work/.tmp/cpasync_pipeline_reference_20260907/prev_cpasync_bench)
==PROF== Profiling "gemm_kernel": 0%....50%....100% - 21 passes
Hardware:
  device: 0
  name: NVIDIA H100 80GB HBM3
  compute capability: 9.0
  SM count: 132
  max threads per SM: 2048
  max threads per block: 1024
  warp size: 32
  SM clock: 1980.0 MHz
  memory clock: 2619.0 MHz
  global memory: 79.18 GiB
  memory bus width: 5120 bit
  L2 cache: 51200.0 KiB
  shared memory per block: 48.0 KiB
  shared memory per block opt-in: 227.0 KiB
  shared memory per SM: 228.0 KiB
  registers per block: 65536
  registers per SM: 65536
  theoretical peak used: 66.908 TFLOPS (--peak-mode fp32)
  HBM bandwidth used for roofline: 3.350 TB/s

Timing: warmup=0, repeat=1, cuBLAS=off, check=off
      M      N      K   custom_ms      custom_TF    peak_%        AI     roof_TF    bound    roof_%   cublas_ms      cublas_TF    peak_%    roof_%     max_abs     max_rel       bad      ok
   4096   4096   4096    3312.578          0.041     0.062   682.667      66.908  compute     0.062         nan            nan       nan       nan    0.00e+00    0.00e+00         0     yes
==PROF== Disconnected from process 901
==PROF== Report: /work/results/cpasync_pipeline_reference_20260907/prev_cpasync_4096_ncu.ncu-rep
